......F...........F                                                      [100%]
=================================== FAILURES ===================================
____ TestFinancialYearOp.test_the_fiscal_year_fields_read_from_the_company _____
tests/unit/account/test_setup_wizards.py:78: in test_the_fiscal_year_fields_read_from_the_company
    assert wizard.fiscalyear_last_day == 31
E   assert None == 31
E    +  where None = <AccountFinancialYearOp: AccountFinancialYearOp object (1)>.fiscalyear_last_day
_______ TestPlantillaSembrada.test_incoterm_de_sale_stock_llega_al_papel _______
tests/integration/base/test_report_engine.py:644: in test_incoterm_de_sale_stock_llega_al_papel
    assert 'Incoterm: FOB Veracruz' in texto_impreso(contenido)
E   AssertionError: assert 'Incoterm: FOB Veracruz' in 'RECIBO DE COMPRA\nOrden: S00001\nFecha: 2026-09-03T03:54:18+00:00\nComprador\nProducto\nSKU\nCant.\nP.Unit\nImporte\n...da de Osun\n2\n150.00\n300.00\nVela de siete días\n3\n45.50\n136.50\nSubtotal\n376.29\nIVA (16%)\n60.21\nTOTAL\n436.50'
E    +  where 'RECIBO DE COMPRA\nOrden: S00001\nFecha: 2026-09-03T03:54:18+00:00\nComprador\nProducto\nSKU\nCant.\nP.Unit\nImporte\n...da de Osun\n2\n150.00\n300.00\nVela de siete días\n3\n45.50\n136.50\nSubtotal\n376.29\nIVA (16%)\n60.21\nTOTAL\n436.50' = texto_impreso(b'%PDF-1.3\n%\xb7\xbe\xad\xaa\n1 0 obj\n<<\n/Type /Catalog\n/Pages 2 0 R\n>>\nendobj\n2 0 obj\n<<\n/Type /Pages\n/Kids...054098 00000 n\r\n0000054120 00000 n\r\ntrailer\n<<\n/Root 1 0 R\n/Info 3 0 R\n/Size 25\n>>\nstartxref\n54351\n%%EOF\n')
=============================== warnings summary ===============================
.venv/lib/python3.12/site-packages/passlib/utils/__init__.py:854
  /home/user/kaupamex-api/.venv/lib/python3.12/site-packages/passlib/utils/__init__.py:854: DeprecationWarning: 'crypt' is deprecated and slated for removal in Python 3.13
    from crypt import crypt as _crypt

-- Docs: https://docs.pytest.org/en/stable/how-to/capture-warnings.html
=========================== short test summary info ============================
FAILED tests/unit/account/test_setup_wizards.py::TestFinancialYearOp::test_the_fiscal_year_fields_read_from_the_company
FAILED tests/integration/base/test_report_engine.py::TestPlantillaSembrada::test_incoterm_de_sale_stock_llega_al_papel
2 failed, 17 passed, 1 warning in 480.65s (0:08:00)
EXIT=1
