sha256 original: 4007c8ebddf0f1d43504f5850312439d5c496286290dc56349a7dd8a75c7687a

=== BASELINE, guardas puestas ===

-- Docs: https://docs.pytest.org/en/stable/how-to/capture-warnings.html
79 passed, 1 warning in 5.00s 

=== CONTROL — guarda del marco (PeriodicCollector.add) anulada ===
E   AssertionError: assert [{'exec_conte...67267.488784}] == []
E     Left contains one more item: {'exec_context': (), 'stack': [], 'start': 1788467267.488784}
E     Use -v to get more diff
=============================== warnings summary ===============================
.venv/lib/python3.12/site-packages/passlib/utils/__init__.py:854
  /home/user/kaupamex-api/.venv/lib/python3.12/site-packages/passlib/utils/__init__.py:854: DeprecationWarning: 'crypt' is deprecated and slated for removal in Python 3.13
    from crypt import crypt as _crypt

-- Docs: https://docs.pytest.org/en/stable/how-to/capture-warnings.html
=========================== short test summary info ============================
FAILED tests/unit/tools/test_profiler.py::TestPeriodicCollector::test_the_frame_guard_fires_when_the_thread_has_no_frame
1 failed, 78 passed, 1 warning in 4.97s 

restaurado: sha256 IGUAL (4007c8ebddf0f1d43504f5850312439d5c496286290dc56349a7dd8a75c7687a)

=== CONTROL — salto de los marcos propios (get_current_frame) anulada ===
E   AssertionError: assert 'test_the_description_defaults_to_the_calling_frame' in 'get_current_frame (/home/user/kaupamex-api/src/tools/profiler.py:134)'
E    +  where 'get_current_frame (/home/user/kaupamex-api/src/tools/profiler.py:134)' = <tools.profiler.Profiler object at 0x7f90214d3bc0>.description
=============================== warnings summary ===============================
.venv/lib/python3.12/site-packages/passlib/utils/__init__.py:854
  /home/user/kaupamex-api/.venv/lib/python3.12/site-packages/passlib/utils/__init__.py:854: DeprecationWarning: 'crypt' is deprecated and slated for removal in Python 3.13
    from crypt import crypt as _crypt

-- Docs: https://docs.pytest.org/en/stable/how-to/capture-warnings.html
=========================== short test summary info ============================
FAILED tests/unit/tools/test_profiler.py::TestFrameHelpers::test_the_current_frame_skips_the_profiler_own_frames
FAILED tests/unit/tools/test_profiler.py::TestProfiler::test_the_description_defaults_to_the_calling_frame
2 failed, 77 passed, 1 warning in 5.06s 

restaurado: sha256 IGUAL (4007c8ebddf0f1d43504f5850312439d5c496286290dc56349a7dd8a75c7687a)

