bringing up nodes...
bringing up nodes...

........................................................................ [  0%]
........................................................................ [  1%]
........................................................................ [  2%]
........................................................................ [  2%]
........................................................................ [  3%]
........................................................................ [  4%]
........................................................................ [  5%]
........................................................................ [  5%]
........................................................................ [  6%]
........................................................................ [  7%]
........................................................................ [  7%]
........................................................................ [  8%]
........................................................................ [  9%]
........................................................................ [ 10%]
........................................................................ [ 10%]
........................................................................ [ 11%]
........................................................................ [ 12%]
........................................................................ [ 12%]
........................................................................ [ 13%]
........................................................................ [ 14%]
........................................................................ [ 15%]
........................................................................ [ 15%]
........................................................................ [ 16%]
........................................................................ [ 17%]
........................................................................ [ 17%]
........................................................................ [ 18%]
........................................................................ [ 19%]
........................................................................ [ 20%]
........................................................................ [ 20%]
........................................................................ [ 21%]
........................................................................ [ 22%]
........................................................................ [ 22%]
........................................................................ [ 23%]
........................................................................ [ 24%]
........................................................................ [ 25%]
........................................................................ [ 25%]
........................................................................ [ 26%]
........................................................................ [ 27%]
........................................................................ [ 27%]
........................................................................ [ 28%]
........................................................................ [ 29%]
........................................................................ [ 30%]
........................................................................ [ 30%]
........................................................................ [ 31%]
........................................................................ [ 32%]
........................................................................ [ 33%]
........................................................................ [ 33%]
........................................................................ [ 34%]
........................E............................................... [ 35%]
........................................................................ [ 35%]
........................................................................ [ 36%]
........................................................................ [ 37%]
........................................................................ [ 38%]
........................................................................ [ 38%]
........................................................................ [ 39%]
........................................................................ [ 40%]
........................................................................ [ 40%]
........................................................................ [ 41%]
........................................................................ [ 42%]
........................................................................ [ 43%]
........................................................................ [ 43%]
........................................................................ [ 44%]
........................................................................ [ 45%]
........................................................................ [ 45%]
........................................................................ [ 46%]
........................................................................ [ 47%]
........................................................................ [ 48%]
........................................................................ [ 48%]
........................................................................ [ 49%]
........................................................................ [ 50%]
........................................................................ [ 50%]
......................................................................... [ 51%]
........................................................................ [ 52%]
........................................................................ [ 53%]
........................................................................ [ 53%]
........................................................................ [ 54%]
........................................................................ [ 55%]
........................................................................ [ 55%]
........................................................................ [ 56%]
........................................................................ [ 57%]
........................................................................ [ 58%]
........................................................................ [ 58%]
........................................................................ [ 59%]
........................................................................ [ 60%]
........................................................................ [ 60%]
........................................................................ [ 61%]
........................................................................ [ 62%]
........................................................................ [ 63%]
........................................................................ [ 63%]
........................................................................ [ 64%]
........................................................................ [ 65%]
........................................................................ [ 66%]
........................................................................ [ 66%]
........................................................................ [ 67%]
........................................................................ [ 68%]
........................................................................ [ 68%]
........................................................................ [ 69%]
........................................................................ [ 70%]
........................................................................ [ 71%]
........................................................................ [ 71%]
........................................................................ [ 72%]
........................................................................ [ 73%]
........................................................................ [ 73%]
........................................................................ [ 74%]
........................................................................ [ 75%]
........................................................................ [ 76%]
........................................................................ [ 76%]
........................................................................ [ 77%]
........................................................................ [ 78%]
........................................................................ [ 78%]
........................................................................ [ 79%]
........................................................................ [ 80%]
........................................................................ [ 81%]
........................................................................ [ 81%]
........................................................................ [ 82%]
........................................................................ [ 83%]
........................................................................ [ 83%]
........................................................................ [ 84%]
........................................................................ [ 85%]
........................................................................ [ 86%]
........................................................................ [ 86%]
........................................................................ [ 87%]
........................................................................ [ 88%]
........................................................................ [ 88%]
........................................................................ [ 89%]
........................................................................ [ 90%]
........................................................................ [ 91%]
........................................................................ [ 91%]
........................................................................ [ 92%]
........................................................................ [ 93%]
........................................................................ [ 93%]
........................................................................ [ 94%]
...............................................Exception ignored in: <function Transport.__del__ at 0x7f225d78d300>
Traceback (most recent call last):
  File "/home/user/kaupamex-api/.venv/lib/python3.12/site-packages/zeep/transports.py", line 170, in __del__
    self.session.close()
    ^^^^^^^^^^^^^^^^^^
AttributeError: 'object' object has no attribute 'close'
.Exception ignored in: <function Transport.__del__ at 0x7f225d78d300>
Traceback (most recent call last):
  File "/home/user/kaupamex-api/.venv/lib/python3.12/site-packages/zeep/transports.py", line 170, in __del__
    self.session.close()
    ^^^^^^^^^^^^^^^^^^
AttributeError: 'object' object has no attribute 'close'
........................ [ 95%]
........................................................................ [ 96%]
........................................................................ [ 96%]
.................................................s..s...s............... [ 97%]
........................................................................ [ 98%]
........................................................................ [ 99%]
........................................................................ [ 99%]
...........................                                              [100%]
==================================== ERRORS ====================================
_ ERROR at setup of TestTrustedDeviceCookie.test_get_without_cookie_asks_for_the_code _
[gw0] linux -- Python 3.12.3 /home/user/kaupamex-api/.venv/bin/python
tests/integration/authz_totp/test_totp_login.py:88: in totp_user
    user.totp_secret_value, user.recovery_codes = _enable_totp(user)
tests/integration/authz_totp/test_totp_login.py:77: in _enable_totp
    assert recovery, 'el alta de 2FA no se confirmó'
E   AssertionError: el alta de 2FA no se confirmó
E   assert None
=============================== warnings summary ===============================
.venv/lib/python3.12/site-packages/passlib/utils/__init__.py:854
.venv/lib/python3.12/site-packages/passlib/utils/__init__.py:854
.venv/lib/python3.12/site-packages/passlib/utils/__init__.py:854
.venv/lib/python3.12/site-packages/passlib/utils/__init__.py:854
.venv/lib/python3.12/site-packages/passlib/utils/__init__.py:854
  /home/user/kaupamex-api/.venv/lib/python3.12/site-packages/passlib/utils/__init__.py:854: DeprecationWarning: 'crypt' is deprecated and slated for removal in Python 3.13
    from crypt import crypt as _crypt

tests/unit/orm/test_fields_related.py::TestResolveDepends::test_it_resolves_a_declared_chain_to_its_fields
  /home/user/kaupamex-api/src/orm/fields.py:2719: UserWarning: Field base.ResPartner.name should be declared with recursive=True
    warnings.warn(

-- Docs: https://docs.pytest.org/en/stable/how-to/capture-warnings.html
=========================== short test summary info ============================
ERROR tests/integration/authz_totp/test_totp_login.py::TestTrustedDeviceCookie::test_get_without_cookie_asks_for_the_code
10032 passed, 4 skipped, 6 warnings, 1 error in 360.20s (0:06:00)
