bringing up nodes...
bringing up nodes...

........................................................................ [  0%]
........................................................................ [  1%]
........................................................................ [  2%]
........................................................................ [  3%]
........................................................................ [  4%]
........................................................................ [  5%]
........................................................................ [  6%]
........................................................................ [  7%]
........................................................................ [  7%]
........................................................................ [  8%]
........................................................................ [  9%]
........................................................................ [ 10%]
........................................................................ [ 11%]
........................................................................ [ 12%]
........................................................................ [ 13%]
.....................................E.................................. [ 14%]
..........E............................................................. [ 15%]
........................................................................ [ 15%]
........................................................................ [ 16%]
........................................................................ [ 17%]
....E................................................................... [ 18%]
........................................................................ [ 19%]
........................................................................ [ 20%]
........................................................................ [ 21%]
........................................................................ [ 22%]
........................................................................ [ 23%]
........................................................................ [ 23%]
........................................................................ [ 24%]
........................................................................ [ 25%]
........................................................................ [ 26%]
........................................................................ [ 27%]
........................................................................ [ 28%]
........................................................................ [ 29%]
........................................................................ [ 30%]
........................................................................ [ 31%]
........................................................................ [ 31%]
........................................................................ [ 32%]
........................................................................ [ 33%]
........................................................................ [ 34%]
........................................................................ [ 35%]
........................................................................ [ 36%]
........................................................................ [ 37%]
........................................................................ [ 38%]
........................................................................ [ 39%]
........................................................................ [ 39%]
........................................................................ [ 40%]
........................................................................ [ 41%]
........................................................................ [ 42%]
........................................................................ [ 43%]
........................................................................ [ 44%]
........................................................................ [ 45%]
........................................................................ [ 46%]
........................................................................ [ 47%]
........................................................................ [ 47%]
........................................................................ [ 48%]
........................................................................ [ 49%]
........................................................................ [ 50%]
........................................................................ [ 51%]
........................................................................ [ 52%]
........................................................................ [ 53%]
........................................................................ [ 54%]
....................Es.................................................. [ 55%]
......s..................................s.............................. [ 55%]
........................................................................ [ 56%]
........................................................................ [ 57%]
........................................................................ [ 58%]
........................................................................ [ 59%]
........................................................................ [ 60%]
........................................................................ [ 61%]
........................................................................ [ 62%]
........................................................................ [ 63%]
........................................................................ [ 63%]
........................................................................ [ 64%]
......................................................................... [ 65%]
........................................................................ [ 66%]
........................................................................ [ 67%]
........................................................................ [ 68%]
........................................................................ [ 69%]
........................................................................ [ 70%]
........................................................................ [ 71%]
........................................................................ [ 71%]
........................................................................ [ 72%]
........................................................................ [ 73%]
........................................................................ [ 74%]
........................................................................ [ 75%]
........................................................................ [ 76%]
........................................................................ [ 77%]
........................................................................ [ 78%]
........................................................................ [ 79%]
........................................................................ [ 79%]
........................................................................ [ 80%]
........................................................................ [ 81%]
........................................................................ [ 82%]
........................................................................ [ 83%]
........................................................................ [ 84%]
........................................................................ [ 85%]
........................................................................ [ 86%]
........................................................................ [ 87%]
........................................................................ [ 87%]
........................................................................ [ 88%]
........................................................................ [ 89%]
........................................................................ [ 90%]
...........................Exception ignored in: <function Transport.__del__ at 0x7f775fd13060>
Traceback (most recent call last):
  File "/home/user/kaupamex-api/.venv/lib/python3.12/site-packages/zeep/transports.py", line 170, in __del__
    self.session.close()
    ^^^^^^^^^^^^^^^^^^
AttributeError: 'object' object has no attribute 'close'
.Exception ignored in: <function Transport.__del__ at 0x7f775fd13060>
Traceback (most recent call last):
  File "/home/user/kaupamex-api/.venv/lib/python3.12/site-packages/zeep/transports.py", line 170, in __del__
    self.session.close()
    ^^^^^^^^^^^^^^^^^^
AttributeError: 'object' object has no attribute 'close'
............................................ [ 91%]
.E...................................................................... [ 92%]
........................................................................ [ 93%]
........................................................................ [ 94%]
........................................................................ [ 95%]
........................................................................ [ 95%]
..............................E......................................... [ 96%]
........................................................................ [ 97%]
........................................................................ [ 98%]
........................................................................ [ 99%]
.......................................                                  [100%]
==================================== ERRORS ====================================
____ ERROR at setup of TestCreateDebitNoteErrors.test_unposted_move_is_422 _____
[gw1] linux -- Python 3.12.3 /home/user/kaupamex-api/.venv/bin/python
.venv/lib/python3.12/site-packages/django/db/models/query.py:987: in get_or_create
    return self.get(**kwargs), False
.venv/lib/python3.12/site-packages/django/db/models/query.py:639: in get
    raise self.model.DoesNotExist(
E   addons.base.models.res_currency.ResCurrency.DoesNotExist: ResCurrency matching query does not exist.

During handling of the above exception, another exception occurred:
.venv/lib/python3.12/site-packages/django/db/backends/utils.py:105: in _execute
    return self.cursor.execute(sql, params)
.venv/lib/python3.12/site-packages/psycopg/cursor.py:117: in execute
    raise ex.with_traceback(None)
E   psycopg.errors.DeadlockDetected: deadlock detected
E   DETAIL:  Process 9841 waits for ShareLock on transaction 8733566; blocked by process 9908.
E   Process 9908 waits for ShareLock on transaction 8733551; blocked by process 9841.
E   HINT:  See server log for query details.
E   CONTEXT:  while inserting index tuple (0,11) in relation "res_currency_name_key"

The above exception was the direct cause of the following exception:
tests/integration/account/test_create_debit_note_endpoint.py:34: in company
    return ResCompany.objects.create(code='acme-debit', name='ACME Debit')
src/addons/base/models/res_company.py:188: in create
    kwargs['currency'], _ = ResCurrency.objects.get_or_create(
.venv/lib/python3.12/site-packages/django/db/models/manager.py:87: in manager_method
    return getattr(self.get_queryset(), name)(*args, **kwargs)
.venv/lib/python3.12/site-packages/django/db/models/query.py:994: in get_or_create
    return self.create(**params), True
.venv/lib/python3.12/site-packages/django/db/models/query.py:669: in create
    obj.save(force_insert=True, using=self.db)
src/addons/base/models/res_currency.py:264: in save
    res = super().save(*args, **kwargs)
.venv/lib/python3.12/site-packages/django/db/models/base.py:874: in save
    self.save_base(
.venv/lib/python3.12/site-packages/django/db/models/base.py:966: in save_base
    updated = self._save_table(
.venv/lib/python3.12/site-packages/django/db/models/base.py:1169: in _save_table
    results = self._do_insert(
.venv/lib/python3.12/site-packages/django/db/models/base.py:1220: in _do_insert
    return manager._insert(
.venv/lib/python3.12/site-packages/django/db/models/manager.py:87: in manager_method
    return getattr(self.get_queryset(), name)(*args, **kwargs)
.venv/lib/python3.12/site-packages/django/db/models/query.py:1918: in _insert
    return query.get_compiler(using=using).execute_sql(returning_fields)
.venv/lib/python3.12/site-packages/django/db/models/sql/compiler.py:1925: in execute_sql
    cursor.execute(sql, params)
.venv/lib/python3.12/site-packages/django/db/backends/utils.py:79: in execute
    return self._execute_with_wrappers(
.venv/lib/python3.12/site-packages/django/db/backends/utils.py:92: in _execute_with_wrappers
    return executor(sql, params, many, context)
.venv/lib/python3.12/site-packages/django/db/backends/utils.py:100: in _execute
    with self.db.wrap_database_errors:
.venv/lib/python3.12/site-packages/django/db/utils.py:94: in __exit__
    raise dj_exc_value.with_traceback(traceback) from exc_value
.venv/lib/python3.12/site-packages/django/db/backends/utils.py:105: in _execute
    return self.cursor.execute(sql, params)
.venv/lib/python3.12/site-packages/psycopg/cursor.py:117: in execute
    raise ex.with_traceback(None)
E   django.db.utils.OperationalError: deadlock detected
E   DETAIL:  Process 9841 waits for ShareLock on transaction 8733566; blocked by process 9908.
E   Process 9908 waits for ShareLock on transaction 8733551; blocked by process 9841.
E   HINT:  See server log for query details.
E   CONTEXT:  while inserting index tuple (0,11) in relation "res_currency_name_key"
_ ERROR at setup of TestCreateDebitNoteErrors.test_already_linked_move_is_409 __
[gw1] linux -- Python 3.12.3 /home/user/kaupamex-api/.venv/bin/python
.venv/lib/python3.12/site-packages/django/db/models/query.py:987: in get_or_create
    return self.get(**kwargs), False
.venv/lib/python3.12/site-packages/django/db/models/query.py:639: in get
    raise self.model.DoesNotExist(
E   addons.base.models.res_currency.ResCurrency.DoesNotExist: ResCurrency matching query does not exist.

During handling of the above exception, another exception occurred:
.venv/lib/python3.12/site-packages/django/db/backends/utils.py:105: in _execute
    return self.cursor.execute(sql, params)
.venv/lib/python3.12/site-packages/psycopg/cursor.py:117: in execute
    raise ex.with_traceback(None)
E   psycopg.errors.DeadlockDetected: deadlock detected
E   DETAIL:  Process 9841 waits for ShareLock on transaction 8733897; blocked by process 9908.
E   Process 9908 waits for ShareLock on transaction 8733732; blocked by process 9841.
E   HINT:  See server log for query details.
E   CONTEXT:  while inserting index tuple (0,13) in relation "res_currency_name_key"

The above exception was the direct cause of the following exception:
tests/integration/account/test_create_debit_note_endpoint.py:34: in company
    return ResCompany.objects.create(code='acme-debit', name='ACME Debit')
src/addons/base/models/res_company.py:188: in create
    kwargs['currency'], _ = ResCurrency.objects.get_or_create(
.venv/lib/python3.12/site-packages/django/db/models/manager.py:87: in manager_method
    return getattr(self.get_queryset(), name)(*args, **kwargs)
.venv/lib/python3.12/site-packages/django/db/models/query.py:994: in get_or_create
    return self.create(**params), True
.venv/lib/python3.12/site-packages/django/db/models/query.py:669: in create
    obj.save(force_insert=True, using=self.db)
src/addons/base/models/res_currency.py:264: in save
    res = super().save(*args, **kwargs)
.venv/lib/python3.12/site-packages/django/db/models/base.py:874: in save
    self.save_base(
.venv/lib/python3.12/site-packages/django/db/models/base.py:966: in save_base
    updated = self._save_table(
.venv/lib/python3.12/site-packages/django/db/models/base.py:1169: in _save_table
    results = self._do_insert(
.venv/lib/python3.12/site-packages/django/db/models/base.py:1220: in _do_insert
    return manager._insert(
.venv/lib/python3.12/site-packages/django/db/models/manager.py:87: in manager_method
    return getattr(self.get_queryset(), name)(*args, **kwargs)
.venv/lib/python3.12/site-packages/django/db/models/query.py:1918: in _insert
    return query.get_compiler(using=using).execute_sql(returning_fields)
.venv/lib/python3.12/site-packages/django/db/models/sql/compiler.py:1925: in execute_sql
    cursor.execute(sql, params)
.venv/lib/python3.12/site-packages/django/db/backends/utils.py:79: in execute
    return self._execute_with_wrappers(
.venv/lib/python3.12/site-packages/django/db/backends/utils.py:92: in _execute_with_wrappers
    return executor(sql, params, many, context)
.venv/lib/python3.12/site-packages/django/db/backends/utils.py:100: in _execute
    with self.db.wrap_database_errors:
.venv/lib/python3.12/site-packages/django/db/utils.py:94: in __exit__
    raise dj_exc_value.with_traceback(traceback) from exc_value
.venv/lib/python3.12/site-packages/django/db/backends/utils.py:105: in _execute
    return self.cursor.execute(sql, params)
.venv/lib/python3.12/site-packages/psycopg/cursor.py:117: in execute
    raise ex.with_traceback(None)
E   django.db.utils.OperationalError: deadlock detected
E   DETAIL:  Process 9841 waits for ShareLock on transaction 8733897; blocked by process 9908.
E   Process 9908 waits for ShareLock on transaction 8733732; blocked by process 9841.
E   HINT:  See server log for query details.
E   CONTEXT:  while inserting index tuple (0,13) in relation "res_currency_name_key"
_______ ERROR at setup of TestCancelGuide.test_admin_cancela_guia_creada _______
[gw0] linux -- Python 3.12.3 /home/user/kaupamex-api/.venv/bin/python
.venv/lib/python3.12/site-packages/django/db/models/query.py:987: in get_or_create
    return self.get(**kwargs), False
.venv/lib/python3.12/site-packages/django/db/models/query.py:639: in get
    raise self.model.DoesNotExist(
E   addons.authz.models.Module.DoesNotExist: Module matching query does not exist.

During handling of the above exception, another exception occurred:
.venv/lib/python3.12/site-packages/django/db/backends/utils.py:105: in _execute
    return self.cursor.execute(sql, params)
.venv/lib/python3.12/site-packages/psycopg/cursor.py:117: in execute
    raise ex.with_traceback(None)
E   psycopg.errors.DeadlockDetected: deadlock detected
E   DETAIL:  Process 9840 waits for ShareLock on transaction 8738412; blocked by process 9906.
E   Process 9906 waits for ShareLock on transaction 8738050; blocked by process 9840.
E   HINT:  See server log for query details.
E   CONTEXT:  while inserting index tuple (0,92) in relation "authz_module_code_key"

The above exception was the direct cause of the following exception:
tests/conftest.py:200: in user
    return make_buyer(u)
tests/factories/user_factory.py:40: in make_buyer
    module, _ = Module.objects.get_or_create(
.venv/lib/python3.12/site-packages/django/db/models/manager.py:87: in manager_method
    return getattr(self.get_queryset(), name)(*args, **kwargs)
.venv/lib/python3.12/site-packages/django/db/models/query.py:994: in get_or_create
    return self.create(**params), True
.venv/lib/python3.12/site-packages/django/db/models/query.py:669: in create
    obj.save(force_insert=True, using=self.db)
src/orm/models.py:971: in save
    super().save(*args, **kwargs)
.venv/lib/python3.12/site-packages/django/db/models/base.py:874: in save
    self.save_base(
.venv/lib/python3.12/site-packages/django/db/models/base.py:966: in save_base
    updated = self._save_table(
.venv/lib/python3.12/site-packages/django/db/models/base.py:1169: in _save_table
    results = self._do_insert(
.venv/lib/python3.12/site-packages/django/db/models/base.py:1220: in _do_insert
    return manager._insert(
.venv/lib/python3.12/site-packages/django/db/models/manager.py:87: in manager_method
    return getattr(self.get_queryset(), name)(*args, **kwargs)
.venv/lib/python3.12/site-packages/django/db/models/query.py:1918: in _insert
    return query.get_compiler(using=using).execute_sql(returning_fields)
.venv/lib/python3.12/site-packages/django/db/models/sql/compiler.py:1925: in execute_sql
    cursor.execute(sql, params)
.venv/lib/python3.12/site-packages/django/db/backends/utils.py:79: in execute
    return self._execute_with_wrappers(
.venv/lib/python3.12/site-packages/django/db/backends/utils.py:92: in _execute_with_wrappers
    return executor(sql, params, many, context)
.venv/lib/python3.12/site-packages/django/db/backends/utils.py:100: in _execute
    with self.db.wrap_database_errors:
.venv/lib/python3.12/site-packages/django/db/utils.py:94: in __exit__
    raise dj_exc_value.with_traceback(traceback) from exc_value
.venv/lib/python3.12/site-packages/django/db/backends/utils.py:105: in _execute
    return self.cursor.execute(sql, params)
.venv/lib/python3.12/site-packages/psycopg/cursor.py:117: in execute
    raise ex.with_traceback(None)
E   django.db.utils.OperationalError: deadlock detected
E   DETAIL:  Process 9840 waits for ShareLock on transaction 8738412; blocked by process 9906.
E   Process 9906 waits for ShareLock on transaction 8738050; blocked by process 9840.
E   HINT:  See server log for query details.
E   CONTEXT:  while inserting index tuple (0,92) in relation "authz_module_code_key"
_ ERROR at teardown of TestN1DegenerationRealWrite.test_domain_write_without_any_company_alias_lands_in_default _
[gw3] linux -- Python 3.12.3 /home/user/kaupamex-api/.venv/bin/python
.venv/lib/python3.12/site-packages/django/db/backends/utils.py:103: in _execute
    return self.cursor.execute(sql)
.venv/lib/python3.12/site-packages/psycopg/cursor.py:117: in execute
    raise ex.with_traceback(None)
E   psycopg.errors.DeadlockDetected: deadlock detected
E   DETAIL:  Process 9839 waits for AccessExclusiveLock on relation 3699967 of database 3670088; blocked by process 10057.
E   Process 10057 waits for AccessShareLock on relation 3671771 of database 3670088; blocked by process 9839.
E   HINT:  See server log for query details.

The above exception was the direct cause of the following exception:
.venv/lib/python3.12/site-packages/django/core/management/commands/flush.py:71: in handle
    connection.ops.execute_sql_flush(sql_list)
.venv/lib/python3.12/site-packages/django/db/backends/base/operations.py:468: in execute_sql_flush
    cursor.execute(sql)
.venv/lib/python3.12/site-packages/django/db/backends/utils.py:79: in execute
    return self._execute_with_wrappers(
.venv/lib/python3.12/site-packages/django/db/backends/utils.py:92: in _execute_with_wrappers
    return executor(sql, params, many, context)
.venv/lib/python3.12/site-packages/django/db/backends/utils.py:100: in _execute
    with self.db.wrap_database_errors:
.venv/lib/python3.12/site-packages/django/db/utils.py:94: in __exit__
    raise dj_exc_value.with_traceback(traceback) from exc_value
.venv/lib/python3.12/site-packages/django/db/backends/utils.py:103: in _execute
    return self.cursor.execute(sql)
.venv/lib/python3.12/site-packages/psycopg/cursor.py:117: in execute
    raise ex.with_traceback(None)
E   django.db.utils.OperationalError: deadlock detected
E   DETAIL:  Process 9839 waits for AccessExclusiveLock on relation 3699967 of database 3670088; blocked by process 10057.
E   Process 10057 waits for AccessShareLock on relation 3671771 of database 3670088; blocked by process 9839.
E   HINT:  See server log for query details.

The above exception was the direct cause of the following exception:
.venv/lib/python3.12/site-packages/pytest_django/fixtures.py:255: in _django_db_helper
    test_case._post_teardown()
.venv/lib/python3.12/site-packages/django/test/testcases.py:1240: in _post_teardown
    self._fixture_teardown()
.venv/lib/python3.12/site-packages/django/test/testcases.py:1275: in _fixture_teardown
    call_command(
.venv/lib/python3.12/site-packages/django/core/management/__init__.py:195: in call_command
    return command.execute(*args, **defaults)
.venv/lib/python3.12/site-packages/django/core/management/base.py:464: in execute
    output = self.handle(*args, **options)
.venv/lib/python3.12/site-packages/django/core/management/commands/flush.py:73: in handle
    raise CommandError(
E   django.core.management.base.CommandError: Database kaupamex_core_qa2_gw3 couldn't be flushed. Possible reasons:
E     * The database isn't running or isn't configured correctly.
E     * At least one of the expected database tables doesn't exist.
E     * The SQL was invalid.
E   Hint: Look at the output of 'django-admin sqlflush'. That's the SQL this command wasn't able to run.
________________ ERROR at teardown of test_create_twice_raises _________________
[gw3] linux -- Python 3.12.3 /home/user/kaupamex-api/.venv/bin/python
.venv/lib/python3.12/site-packages/django/db/backends/utils.py:103: in _execute
    return self.cursor.execute(sql)
.venv/lib/python3.12/site-packages/psycopg/cursor.py:117: in execute
    raise ex.with_traceback(None)
E   psycopg.errors.DeadlockDetected: deadlock detected
E   DETAIL:  Process 10146 waits for AccessExclusiveLock on relation 3672697 of database 3670088; blocked by process 10057.
E   Process 10057 waits for AccessShareLock on relation 3699967 of database 3670088; blocked by process 10146.
E   HINT:  See server log for query details.

The above exception was the direct cause of the following exception:
.venv/lib/python3.12/site-packages/django/core/management/commands/flush.py:71: in handle
    connection.ops.execute_sql_flush(sql_list)
.venv/lib/python3.12/site-packages/django/db/backends/base/operations.py:468: in execute_sql_flush
    cursor.execute(sql)
.venv/lib/python3.12/site-packages/django/db/backends/utils.py:79: in execute
    return self._execute_with_wrappers(
.venv/lib/python3.12/site-packages/django/db/backends/utils.py:92: in _execute_with_wrappers
    return executor(sql, params, many, context)
.venv/lib/python3.12/site-packages/django/db/backends/utils.py:100: in _execute
    with self.db.wrap_database_errors:
.venv/lib/python3.12/site-packages/django/db/utils.py:94: in __exit__
    raise dj_exc_value.with_traceback(traceback) from exc_value
.venv/lib/python3.12/site-packages/django/db/backends/utils.py:103: in _execute
    return self.cursor.execute(sql)
.venv/lib/python3.12/site-packages/psycopg/cursor.py:117: in execute
    raise ex.with_traceback(None)
E   django.db.utils.OperationalError: deadlock detected
E   DETAIL:  Process 10146 waits for AccessExclusiveLock on relation 3672697 of database 3670088; blocked by process 10057.
E   Process 10057 waits for AccessShareLock on relation 3699967 of database 3670088; blocked by process 10146.
E   HINT:  See server log for query details.

The above exception was the direct cause of the following exception:
.venv/lib/python3.12/site-packages/pytest_django/fixtures.py:255: in _django_db_helper
    test_case._post_teardown()
.venv/lib/python3.12/site-packages/django/test/testcases.py:1240: in _post_teardown
    self._fixture_teardown()
.venv/lib/python3.12/site-packages/django/test/testcases.py:1275: in _fixture_teardown
    call_command(
.venv/lib/python3.12/site-packages/django/core/management/__init__.py:195: in call_command
    return command.execute(*args, **defaults)
.venv/lib/python3.12/site-packages/django/core/management/base.py:464: in execute
    output = self.handle(*args, **options)
.venv/lib/python3.12/site-packages/django/core/management/commands/flush.py:73: in handle
    raise CommandError(
E   django.core.management.base.CommandError: Database kaupamex_core_qa2_gw3 couldn't be flushed. Possible reasons:
E     * The database isn't running or isn't configured correctly.
E     * At least one of the expected database tables doesn't exist.
E     * The SQL was invalid.
E   Hint: Look at the output of 'django-admin sqlflush'. That's the SQL this command wasn't able to run.
_____________ ERROR at setup of test_kill_connections_best_effort ______________
[gw3] linux -- Python 3.12.3 /home/user/kaupamex-api/.venv/bin/python
tests/integration/service/test_db_provision.py:46: in _clean_company_dbs
    drop_database(name)
src/service/db.py:429: in drop_database
    cursor.execute('DROP DATABASE %s' % ident)
.venv/lib/python3.12/site-packages/psycopg/cursor.py:117: in execute
    raise ex.with_traceback(None)
E   psycopg.errors.InvalidCatalogName: database "company_9001_db" does not exist
=============================== warnings summary ===============================
.venv/lib/python3.12/site-packages/passlib/utils/__init__.py:854
.venv/lib/python3.12/site-packages/passlib/utils/__init__.py:854
.venv/lib/python3.12/site-packages/passlib/utils/__init__.py:854
.venv/lib/python3.12/site-packages/passlib/utils/__init__.py:854
.venv/lib/python3.12/site-packages/passlib/utils/__init__.py:854
  /home/user/kaupamex-api/.venv/lib/python3.12/site-packages/passlib/utils/__init__.py:854: DeprecationWarning: 'crypt' is deprecated and slated for removal in Python 3.13
    from crypt import crypt as _crypt

-- Docs: https://docs.pytest.org/en/stable/how-to/capture-warnings.html
=========================== short test summary info ============================
ERROR tests/integration/account/test_create_debit_note_endpoint.py::TestCreateDebitNoteErrors::test_unposted_move_is_422
ERROR tests/integration/account/test_create_debit_note_endpoint.py::TestCreateDebitNoteErrors::test_already_linked_move_is_409
ERROR tests/integration/delivery/test_logistics_endpoints.py::TestCancelGuide::test_admin_cancela_guia_creada
ERROR tests/integration/company/test_multidb_isolation.py::TestN1DegenerationRealWrite::test_domain_write_without_any_company_alias_lands_in_default
ERROR tests/integration/service/test_db_provision.py::test_create_twice_raises
ERROR tests/integration/service/test_db_provision.py::test_kill_connections_best_effort
8095 passed, 4 skipped, 5 warnings, 6 errors in 656.66s (0:10:56)
EXIT=1
