bringing up nodes...
bringing up nodes...

........................................................................ [  0%]
........................................................................ [  1%]
........................................................................ [  2%]
........................................................................ [  3%]
........................................................................ [  4%]
........................................................................ [  5%]
........................................................................ [  6%]
......................................................................... [  7%]
........................................................................ [  8%]
........................................................................ [  9%]
........................................................................ [ 10%]
........................................................................ [ 11%]
........................................................................ [ 12%]
........................................................................ [ 12%]
........................................................................ [ 13%]
........................................................................ [ 14%]
......................................................................... [ 15%]
........................................................................ [ 16%]
........................................................................ [ 17%]
........................................................................ [ 18%]
........................................................................ [ 19%]
........................................................................ [ 20%]
........................................................................ [ 21%]
........................................................................ [ 22%]
........................................................................ [ 23%]
........................................................................ [ 24%]
........................................................................ [ 25%]
........................................................................ [ 25%]
........................................................................ [ 26%]
......................................................................... [ 27%]
......................................................................... [ 28%]
........................................................................ [ 29%]
........................................................................ [ 30%]
........................................................................ [ 31%]
........................................................................ [ 32%]
........................................................................ [ 33%]
........................................................................ [ 34%]
........................................................................ [ 35%]
........................................................................ [ 36%]
......................................................................... [ 37%]
........................................................................ [ 38%]
........................................................................ [ 39%]
......................................................................... [ 39%]
........................................................................ [ 40%]
........................................................................ [ 41%]
........................................................................ [ 42%]
........................................................................ [ 43%]
........................................................................ [ 44%]
........................................................................ [ 45%]
........................................................................ [ 46%]
........................................................................ [ 47%]
........................................................................ [ 48%]
........................................................................ [ 49%]
........................................................................ [ 50%]
........................................................................ [ 51%]
........................................................................ [ 52%]
........................................................................ [ 52%]
........................................................................ [ 53%]
........................................................................ [ 54%]
........................................................................ [ 55%]
........................................................................ [ 56%]
........................................................................ [ 57%]
........................................................................ [ 58%]
......................................................................... [ 59%]
........................................................................ [ 60%]
........................................................................ [ 61%]
........................................................................ [ 62%]
........................................................................ [ 63%]
........................................................................ [ 64%]
.................s...................................................... [ 64%]
........................................................................ [ 65%]
............................................................s........... [ 66%]
........................................................................ [ 67%]
........................................................................ [ 68%]
........................................................................ [ 69%]
........................................................................ [ 70%]
........................................................................ [ 71%]
...................s.................................................... [ 72%]
........................................................................ [ 73%]
........................................................................ [ 74%]
.....................................................F.FF............... [ 75%]
........................................................................ [ 76%]
........................................................................ [ 77%]
........................................................................ [ 77%]
........................................................................ [ 78%]
........................................................................ [ 79%]
........................................................................ [ 80%]
........................................................................ [ 81%]
........................................................................ [ 82%]
........................................................................ [ 83%]
........................................................................ [ 84%]
........................................................................ [ 85%]
........................................................................ [ 86%]
........................................................................ [ 87%]
........................................................................ [ 88%]
........................................................................ [ 89%]
........................................................................ [ 90%]
........................................................................ [ 90%]
........................................................................ [ 91%]
........................................................................ [ 92%]
........................................................................ [ 93%]
........................................................................ [ 94%]
........................................................................ [ 95%]
........................................................................ [ 96%]
........................................................................ [ 97%]
........................................................................ [ 98%]
........................................................................ [ 99%]
......................................................                   [100%]
=================================== FAILURES ===================================
____ TestTheConditionBlockAdapter.test_it_receives_only_the_matching_block _____
[gw2] linux -- Python 3.12.3 /home/user/kaupamex-api/.venv/bin/python
tests/unit/orm/test_domain_optimizer_registry.py:240: in test_it_receives_only_the_matching_block
    DomainCondition('b', '>', 3)]).optimize()
src/orm/domains.py:405: in optimize
    return self._optimize(model, OptimizationLevel.BASIC)
src/orm/domains.py:419: in _optimize
    previous, domain = domain, domain._optimize_step(model, next_level)
src/orm/domains.py:665: in _optimize_step
    children = merge(type(self), children, model)
src/orm/domains.py:1235: in optimizer
    or domains[block]._field(model).type in field_types
E   AttributeError: 'NoneType' object has no attribute 'type'
_____ TestTheConditionBlockAdapter.test_what_it_returns_replaces_the_block _____
[gw2] linux -- Python 3.12.3 /home/user/kaupamex-api/.venv/bin/python
tests/unit/orm/test_domain_optimizer_registry.py:263: in test_what_it_returns_replaces_the_block
    DomainCondition('a', 'in', [2])]).optimize()
src/orm/domains.py:405: in optimize
    return self._optimize(model, OptimizationLevel.BASIC)
src/orm/domains.py:419: in _optimize
    previous, domain = domain, domain._optimize_step(model, next_level)
src/orm/domains.py:665: in _optimize_step
    children = merge(type(self), children, model)
src/orm/domains.py:1235: in optimizer
    or domains[block]._field(model).type in field_types
E   AttributeError: 'NoneType' object has no attribute 'type'
___ TestTheConditionBlockAdapter.test_the_domains_outside_the_block_survive ____
[gw2] linux -- Python 3.12.3 /home/user/kaupamex-api/.venv/bin/python
tests/unit/orm/test_domain_optimizer_registry.py:275: in test_the_domains_outside_the_block_survive
    DomainCondition('z', '>', 3)]).optimize()
src/orm/domains.py:405: in optimize
    return self._optimize(model, OptimizationLevel.BASIC)
src/orm/domains.py:419: in _optimize
    previous, domain = domain, domain._optimize_step(model, next_level)
src/orm/domains.py:665: in _optimize_step
    children = merge(type(self), children, model)
src/orm/domains.py:1235: in optimizer
    or domains[block]._field(model).type in field_types
E   AttributeError: 'NoneType' object has no attribute 'type'
=============================== warnings summary ===============================
.venv/lib/python3.12/site-packages/passlib/utils/__init__.py:854
.venv/lib/python3.12/site-packages/passlib/utils/__init__.py:854
.venv/lib/python3.12/site-packages/passlib/utils/__init__.py:854
.venv/lib/python3.12/site-packages/passlib/utils/__init__.py:854
.venv/lib/python3.12/site-packages/passlib/utils/__init__.py:854
  /home/user/kaupamex-api/.venv/lib/python3.12/site-packages/passlib/utils/__init__.py:854: DeprecationWarning: 'crypt' is deprecated and slated for removal in Python 3.13
    from crypt import crypt as _crypt

-- Docs: https://docs.pytest.org/en/stable/how-to/capture-warnings.html
=========================== short test summary info ============================
FAILED tests/unit/orm/test_domain_optimizer_registry.py::TestTheConditionBlockAdapter::test_it_receives_only_the_matching_block
FAILED tests/unit/orm/test_domain_optimizer_registry.py::TestTheConditionBlockAdapter::test_what_it_returns_replaces_the_block
FAILED tests/unit/orm/test_domain_optimizer_registry.py::TestTheConditionBlockAdapter::test_the_domains_outside_the_block_survive
3 failed, 7759 passed, 4 skipped, 5 warnings in 374.75s (0:06:14)
EXIT=1
