bringing up nodes...
bringing up nodes...

........................................................................ [  0%]
........................................................................ [  1%]
........................................................................ [  2%]
........................................................................ [  3%]
........................................................................ [  4%]
........................................................................ [  5%]
........................................................................ [  6%]
........................................................................ [  7%]
........................................................................ [  8%]
........................................................................ [  9%]
........................................................................ [ 10%]
........................................................................ [ 11%]
........................................................................ [ 12%]
........................................................................ [ 13%]
......................................................................... [ 14%]
........................................................................ [ 14%]
........................................................................ [ 15%]
........................................................................ [ 16%]
........................................................................ [ 17%]
........................................................................ [ 18%]
........................................................................ [ 19%]
........................................................................ [ 20%]
........................................................................ [ 21%]
........................................................................ [ 22%]
........................................................................ [ 23%]
........................................................................ [ 24%]
........................................................................ [ 25%]
........................................................................ [ 26%]
........................................................................ [ 27%]
........................................................................ [ 28%]
........................................................................ [ 29%]
........................................................................ [ 29%]
......................................................................... [ 30%]
........................................................................ [ 31%]
........................................................................ [ 32%]
......................................................................... [ 33%]
........................................................................ [ 34%]
........................................................................ [ 35%]
........................................................................ [ 36%]
........................................................................ [ 37%]
........................................................................ [ 38%]
........................................................................ [ 39%]
........................................................................ [ 40%]
........................................................................ [ 41%]
........................................................................ [ 42%]
........................................................................ [ 43%]
........................................................................ [ 44%]
........................................................................ [ 44%]
........................................................................ [ 45%]
........................................................................ [ 46%]
........................................................................ [ 47%]
........................................................................ [ 48%]
........................................................................ [ 49%]
........................................................................ [ 50%]
........................................................................ [ 51%]
........................................................................ [ 52%]
........................................................................ [ 53%]
........................................................................ [ 54%]
........................................................................ [ 55%]
........................................................................ [ 56%]
........................................................................ [ 57%]
........................................................................ [ 58%]
........................................................................ [ 59%]
........................................................................ [ 59%]
........................................................................ [ 60%]
........................................................................ [ 61%]
........................................................................ [ 62%]
........................................................................ [ 63%]
........................................................................ [ 64%]
..........s..........................................s.................. [ 65%]
....................................s................................... [ 66%]
........................................................................ [ 67%]
......................................................................... [ 68%]
........................................................................ [ 69%]
........................................................................ [ 70%]
........................................................................ [ 71%]
........................................................................ [ 72%]
........................................................................ [ 73%]
........................................................................ [ 74%]
........................................................................ [ 74%]
........................................................................ [ 75%]
........................................................................ [ 76%]
........................................................................ [ 77%]
......................................................................... [ 78%]
........................................................................ [ 79%]
........................................................................ [ 80%]
........................................................................ [ 81%]
........................................................................ [ 82%]
........................................................................ [ 83%]
........................................................................ [ 84%]
...................................................................FF... [ 85%]
..F..................................................................... [ 86%]
........................................................................ [ 87%]
........................................................................ [ 88%]
........................................................................ [ 89%]
........................................................................ [ 89%]
........................................................................ [ 90%]
........................................................................ [ 91%]
........................................................................ [ 92%]
........................................................................ [ 93%]
........................................................................ [ 94%]
........................................................................ [ 95%]
........................................................................ [ 96%]
........................................................................ [ 97%]
........................................................................ [ 98%]
........................................................................ [ 99%]
...................................................                      [100%]
=================================== FAILURES ===================================
________ TestSearchByProperty.test_equality_also_checks_the_list_subset ________
[gw1] linux -- Python 3.12.3 /home/user/kaupamex-api/.venv/bin/python
tests/unit/orm/test_fields_properties.py:379: in test_equality_also_checks_the_list_subset
    where = self._where([('vehicle_properties.color', '=', 'red')])
tests/unit/orm/test_fields_properties.py:373: in _where
    to_q(domain, FleetVehicle)).query)
src/orm/domains.py:1397: in to_q
    return Domain(domain).optimize(model)._to_q(model)
src/orm/domains.py:1043: in _to_q
    return field.condition_to_q(field_expr, operator, value, model)
src/orm/fields_properties.py:877: in condition_to_q
    assert isinstance(value, (list, tuple, set, frozenset))
E   AssertionError
__________ TestSearchByProperty.test_several_values_use_contained_by ___________
[gw1] linux -- Python 3.12.3 /home/user/kaupamex-api/.venv/bin/python
tests/unit/orm/test_fields_properties.py:384: in test_several_values_use_contained_by
    where = self._where([('vehicle_properties.tags', 'in', [1, 2])])
tests/unit/orm/test_fields_properties.py:373: in _where
    to_q(domain, FleetVehicle)).query)
src/orm/domains.py:1397: in to_q
    return Domain(domain).optimize(model)._to_q(model)
src/orm/domains.py:1043: in _to_q
    return field.condition_to_q(field_expr, operator, value, model)
src/orm/fields_properties.py:877: in condition_to_q
    assert isinstance(value, (list, tuple, set, frozenset))
E   AssertionError
__ TestSearchByProperty.test_the_generic_compiler_would_miss_the_containment ___
[gw1] linux -- Python 3.12.3 /home/user/kaupamex-api/.venv/bin/python
tests/unit/orm/test_fields_properties.py:407: in test_the_generic_compiler_would_miss_the_containment
    assert '@>' in self._where([('vehicle_properties.color', '=', 'red')])
tests/unit/orm/test_fields_properties.py:373: in _where
    to_q(domain, FleetVehicle)).query)
src/orm/domains.py:1397: in to_q
    return Domain(domain).optimize(model)._to_q(model)
src/orm/domains.py:1043: in _to_q
    return field.condition_to_q(field_expr, operator, value, model)
src/orm/fields_properties.py:877: in condition_to_q
    assert isinstance(value, (list, tuple, set, frozenset))
E   AssertionError
=============================== warnings summary ===============================
.venv/lib/python3.12/site-packages/passlib/utils/__init__.py:854
.venv/lib/python3.12/site-packages/passlib/utils/__init__.py:854
.venv/lib/python3.12/site-packages/passlib/utils/__init__.py:854
.venv/lib/python3.12/site-packages/passlib/utils/__init__.py:854
.venv/lib/python3.12/site-packages/passlib/utils/__init__.py:854
  /home/user/kaupamex-api/.venv/lib/python3.12/site-packages/passlib/utils/__init__.py:854: DeprecationWarning: 'crypt' is deprecated and slated for removal in Python 3.13
    from crypt import crypt as _crypt

-- Docs: https://docs.pytest.org/en/stable/how-to/capture-warnings.html
=========================== short test summary info ============================
FAILED tests/unit/orm/test_fields_properties.py::TestSearchByProperty::test_equality_also_checks_the_list_subset
FAILED tests/unit/orm/test_fields_properties.py::TestSearchByProperty::test_several_values_use_contained_by
FAILED tests/unit/orm/test_fields_properties.py::TestSearchByProperty::test_the_generic_compiler_would_miss_the_containment
3 failed, 7682 passed, 4 skipped, 5 warnings in 371.28s (0:06:11)
EXIT=1
